[[t:b:123456]]^El<det><def><m><pl>/The<det><def><m><pl>/$  ;;[[t:s:abc123]]^grup<n><m><pl>/group<n><pl>/$ [[t:p:12dxv23]]^de<pr>/of<pr>/from<pr>/$ 
[[t:x:12zx56]]^el<det><def><m><sg>/the<det><def><m><sg>/$ [[t:b:12cv56; t:s:rgd1234]]^Parlament<n><m><sg>/Parliament<n><sg>/$ 
^haver<vbhaver><pri><p3><pl>/have<vbhaver><pri><p3><pl>/$ 
^mostrar<vblex><pp><m><sg>/show<vblex><pp><m><sg>/display<vblex><pp><m><sg>/$ 
^aquest<det><dem><m><sg>/this<det><dem><m><sg>/$ !#[[t:p:0sdkfm]]^dimarts<n><m><sp>/Tuesday<n><ND>/$ 
[[t:i:mckx123]]^el seu<det><pos><m><sg>/his<det><pos><m><sg>/group<n><pl>$ [[t:j:cbnas12]]^suport<n><m><sg>/support<n><sg>/$ 
^a<pr>/at<pr>/in<pr>/to<pr>/$ ^el<det><def><m><sg>/the<det><def><m><sg>/$ 
^*batle/*batle/$ ^de<pr>/of<pr>/from<pr>/$ ^*Alaró/*Alaró/$^.<sent>/.<sent>/$
